// Jest Snapshot v1, https://goo.gl/fbAQLP

exports[`<Navbar />  <Navbar/> snapshot 1`] = `
<div
  className="Navbar m-b-15"
>
  <div
    className="ui inverted segment"
  >
    <div
      className="ui large inverted top fixed menu"
    >
      <div
        className="ui container"
      >
        <a
          className="header link item"
          href="/"
          onClick={[Function]}
        >
          Rohan Swaby
        </a>
        <div
          className="right menu"
        >
          <a
            className="link item"
            href="/about"
            onClick={[Function]}
          >
            About
          </a>
          <a
            className="link item"
            href="/projects"
            onClick={[Function]}
          >
            Projects
          </a>
          <a
            className="link item"
            href="/contact"
            onClick={[Function]}
          >
            Contact
          </a>
        </div>
      </div>
    </div>
  </div>
</div>
`;
