// Jest Snapshot v1, https://goo.gl/fbAQLP

exports[`<Navbar />  <Navbar/> snapshot 1`] = `
<div
  className="ui container grid"
  style={
    Object {
      "marginBottom": "3em",
    }
  }
>
  <div
    className="three wide column"
  >
    <img
      className="ui small image"
      src="https://pbs.twimg.com/profile_images/634075551964106752/pBN6np7z_400x400.jpg"
    />
  </div>
  <div
    centered={true}
    className="nine wide column"
  >
    <div
      className="ui message"
      style={
        Object {
          "height": "220px",
        }
      }
    >
      <h3
        className="ui left aligned header"
      >
        Bright Power
      </h3>
      <hr />
      <div
        className="ui text fluid left aligned container"
      >
        <p>
          During My Time at Bright Power some of my Responsibilities including Writing unit testing for Spring MVC application for REST controllers using JUnit, Mockito. I also Created test suite for newly created API services using postman to examine performance. I Conducted other QA responsibilities such as regression/feature testing in order to identify Defects in pre-released software. One project I worked on creating and maintaining a data scraping tool using selenium and beautifulsoup for internal use.
        </p>
      </div>
    </div>
  </div>
  <div
    className="four wide column"
  >
    <div
      className="ui message"
      style={
        Object {
          "height": "220px",
        }
      }
    >
      <h4
        className="sub header"
        textAlign="left"
      >
         
        <p>
          Role
        </p>
      </h4>
      <hr />
      <p>
        Software Developer Intern
      </p>
      <h5
        className="ui header"
      >
        <p>
          Technologies used:
        </p>
      </h5>
    </div>
  </div>
</div>
`;
